python : d:\anticrisp\
email_service.py:115: 
DeprecationWarning: da
tetime.datetime.utcnow
() is deprecated and 
scheduled for removal 
in a future version. 
Use timezone-aware 
objects to represent 
datetimes in UTC: date
time.datetime.now(date
time.UTC).
At line:1 char:1
+ python d:\anticrisp\
test_email_threading_v
2.py > 
d:\anticrisp\test_ou 
...
+ ~~~~~~~~~~~~~~~~~~~~
~~~~~~~~~~~~~~~~~~~~~~
~~~~~~~~~~~~~~~~~~~~~~
~~~~~
    + CategoryInfo    
          : NotSpeci  
  fied: (d:\anticri   
 sp\em...(datetime    
.UTC).:String) []    
, RemoteException
    + FullyQualifiedE 
   rrorId : NativeCo  
  mmandError
 
  "updated_at": 
datetime.utcnow()
Traceback (most 
recent call last):

>>> Sending first message...
  File "d:\anticrisp\t
est_email_threading_v2
.py", line 62, in 
test_threading_logic
    result = send_admi
n_and_customer_notific
ations(visitor_email, 
"Hello 1")
  File "d:\anticrisp\e
mail_service.py", 
line 124, in send_admi
n_and_customer_notific
ations
    "admin_msgid": 
admin_msgid,
                   
^^^^^^^^^^^
NameError: name 
'admin_msgid' is not 
defined. Did you 
mean: 
'new_admin_msgid'?
E
======================
======================
======================
====
ERROR: 
test_threading_logic (
__main__.TestEmailThre
ading.test_threading_l
ogic)
----------------------
----------------------
----------------------
----
Traceback (most 
recent call last):
  File "C:\Users\yashj
\anaconda3\Lib\unittes
t\mock.py", line 
1426, in patched
    return 
func(*newargs, 
**newkeywargs)
  File "d:\anticrisp\t
est_email_threading_v2
.py", line 62, in 
test_threading_logic
    result = send_admi
n_and_customer_notific
ations(visitor_email, 
"Hello 1")
  File "d:\anticrisp\e
mail_service.py", 
line 124, in send_admi
n_and_customer_notific
ations
    "admin_msgid": 
admin_msgid,
                   
^^^^^^^^^^^
NameError: name 
'admin_msgid' is not 
defined. Did you 
mean: 
'new_admin_msgid'?

----------------------
----------------------
----------------------
----
Ran 1 test in 0.011s

FAILED (errors=1)
